UP042 Class AlertStatus inherits from both `str` and `enum.Enum`
  --> app\models.py:11:7
   |
11 | class AlertStatus(str, Enum):
   |       ^^^^^^^^^^^
12 |     """Alert status enumeration."""
   |
help: Inherit from `enum.StrEnum`

UP042 Class AlertSeverity inherits from both `str` and `enum.Enum`
  --> app\models.py:20:7
   |
20 | class AlertSeverity(str, Enum):
   |       ^^^^^^^^^^^^^
21 |     """Alert severity levels."""
   |
help: Inherit from `enum.StrEnum`

F841 Local variable `evidence` is assigned to but never used
   --> app\services\detection_engine.py:157:5
    |
155 |     """Check if similar alert was recently created."""
156 |     rule_id = detection["rule_id"]
157 |     evidence = detection.get("evidence", {})
    |     ^^^^^^^^
158 |
159 |     # Look for recent alerts (last 1 hour) with same rule
    |
help: Remove assignment to unused variable `evidence`

N806 Variable `Session` in function should be lowercase
  --> tests\test_rules.py:23:5
   |
21 |     engine = create_engine("sqlite:///:memory:")
22 |     Base.metadata.create_all(engine)
23 |     Session = sessionmaker(bind=engine)
   |     ^^^^^^^
24 |     session = Session()
25 |     yield session
   |

Found 4 errors.
No fixes available (3 hidden fixes can be enabled with the `--unsafe-fixes` option).
