============================= test session starts =============================
platform win32 -- Python 3.8.10, pytest-8.3.5, pluggy-1.5.0
rootdir: C:\Users\Max\Desktop\GitHub\cloud-signal-engine
configfile: pyproject.toml
plugins: anyio-4.5.2, hypothesis-6.113.0, asyncio-0.24.0, cov-5.0.0
python : C:\Users\Max\A
ppData\Local\Packages\P
ythonSoftwareFoundation
.Python.3.8_qbz5n2kfra8
p0\LocalCache\local-pac
kages\Python38\site-pac
kages\pytest_asyncio\pl
ugin.py:208: PytestDepr
ecationWarning: The 
configuration option "a
syncio_default_fixture_
loop_scope" is unset.
At line:1 char:1
+ python -m pytest > 
pytest_output.txt 2>&1
+ ~~~~~~~~~~~~~~~~~~~~~
~~~~~~~~~~~~~~~~~~~~
    + CategoryInfo     
         : NotSpecifi  
  ed: (C:\Users\Max\   
 Ap...cope" is unse    
t.:String) [], Rem    
oteException
    + FullyQualifiedEr 
   rorId : NativeComm  
  andError
 
The event loop scope 
for asynchronous 
fixtures will default 
to the fixture caching 
scope. Future versions 
of pytest-asyncio will 
default the loop scope 
for asynchronous 
fixtures to function 
scope. Set the default 
fixture loop scope 
explicitly in order to 
avoid unexpected 
behavior in the 
future. Valid fixture 
loop scopes are: 
"function", "class", 
"module", "package", 
"session"

  warnings.warn(PytestD
eprecationWarning(_DEFA
ULT_FIXTURE_LOOP_SCOPE_
UNSET))
asyncio: mode=auto, default_loop_scope=None
collected 0 items / 3 errors

=================================== ERRORS ====================================
_________________ ERROR collecting backend/tests/test_api.py __________________
ImportError while importing test module 'C:\Users\Max\Desktop\GitHub\cloud-signal-engine\backend\tests\test_api.py'.
Hint: make sure your test modules/packages have valid Python names.
Traceback:
C:\Program Files\WindowsApps\PythonSoftwareFoundation.Python.3.8_3.8.2800.0_x64__qbz5n2kfra8p0\lib\importlib\__init__.py:127: in import_module
    return _bootstrap._gcd_import(name[level:], package, level)
tests\test_api.py:5: in <module>
    from app.main import app
app\main.py:9: in <module>
    from .routers import alerts, detections, ingest
app\routers\alerts.py:10: in <module>
    from ..models import Alert, AllowlistEntry, FalsePositive
app\models.py:3: in <module>
    from enum import StrEnum
E   ImportError: cannot import name 'StrEnum' from 'enum' (C:\Program Files\WindowsApps\PythonSoftwareFoundation.Python.3.8_3.8.2800.0_x64__qbz5n2kfra8p0\lib\enum.py)
______________ ERROR collecting backend/tests/test_normalizer.py ______________
ImportError while importing test module 'C:\Users\Max\Desktop\GitHub\cloud-signal-engine\backend\tests\test_normalizer.py'.
Hint: make sure your test modules/packages have valid Python names.
Traceback:
C:\Program Files\WindowsApps\PythonSoftwareFoundation.Python.3.8_3.8.2800.0_x64__qbz5n2kfra8p0\lib\importlib\__init__.py:127: in import_module
    return _bootstrap._gcd_import(name[level:], package, level)
tests\test_normalizer.py:3: in <module>
    from datetime import UTC, datetime
E   ImportError: cannot import name 'UTC' from 'datetime' (C:\Program Files\WindowsApps\PythonSoftwareFoundation.Python.3.8_3.8.2800.0_x64__qbz5n2kfra8p0\lib\datetime.py)
________________ ERROR collecting backend/tests/test_rules.py _________________
ImportError while importing test module 'C:\Users\Max\Desktop\GitHub\cloud-signal-engine\backend\tests\test_rules.py'.
Hint: make sure your test modules/packages have valid Python names.
Traceback:
C:\Program Files\WindowsApps\PythonSoftwareFoundation.Python.3.8_3.8.2800.0_x64__qbz5n2kfra8p0\lib\importlib\__init__.py:127: in import_module
    return _bootstrap._gcd_import(name[level:], package, level)
tests\test_rules.py:3: in <module>
    from datetime import UTC, datetime, timedelta
E   ImportError: cannot import name 'UTC' from 'datetime' (C:\Program Files\WindowsApps\PythonSoftwareFoundation.Python.3.8_3.8.2800.0_x64__qbz5n2kfra8p0\lib\datetime.py)
=========================== short test summary info ===========================
ERROR tests\test_api.py
ERROR tests\test_normalizer.py
ERROR tests\test_rules.py
!!!!!!!!!!!!!!!!!!! Interrupted: 3 errors during collection !!!!!!!!!!!!!!!!!!!
============================== 3 errors in 1.25s ==============================
